// Jest Snapshot v1, https://goo.gl/fbAQLP

exports[`generate changeset file should generate changeset file, commit and push 1`] = `
[MockFunction] {
  "calls": [
    [
      ".changeset/renovate-test.md",
      "---
'packageName': patch
---

Updated dependency \`package\` to \`version\`.
Updated dependency \`package2\` to \`version2\`.
",
    ],
  ],
  "results": [
    {
      "type": "return",
      "value": undefined,
    },
  ],
}
`;
