// Vitest Snapshot v1, https://vitest.dev/guide/snapshot.html

exports[`generate changeset file > should generate changeset file, but skip commit and push 1`] = `
[MockFunction spy] {
  "calls": [
    [
      ".changeset/renovate-test.md",
      "---
'packageName': patch
---

Updated dependency \`package\` to \`version\`.
Updated dependency \`package2\` to \`version2\`.
",
    ],
  ],
  "results": [
    {
      "type": "return",
      "value": undefined,
    },
  ],
}
`;

exports[`generate changeset file > should generate changeset file, commit and push 1`] = `
[MockFunction spy] {
  "calls": [
    [
      ".changeset/renovate-test.md",
      "---
'packageName': patch
---

Updated dependency \`package\` to \`version\`.
Updated dependency \`package2\` to \`version2\`.
",
    ],
  ],
  "results": [
    {
      "type": "return",
      "value": undefined,
    },
  ],
}
`;
