// Jest Snapshot v1, https://goo.gl/fbAQLP

exports[`randomName useRandomName useTranslation should not be defined without I18nProvider 1`] = `"gracious-hermann"`;
